.d..t.... ./
<fcst.... record_hdu_planner.sh
<fcst.... run_hdu_planner_bridge.sh
<f+++++++ run_hdu_planner_bridge.sh.before_v15_20260814_214657
<fcst.... run_hdu_stack.sh
<f+++++++ run_hdu_stack.sh.before_v15_20260814_214657
.d..t.... config/
<f+++++++ config/planner_versions.tsv.before_v14_20260814_183019
<f+++++++ config/planner_versions.tsv.before_v15_20260814_214657
<f+++++++ config/planner_versions.tsv.before_v16_20260815
<f+++++++ config/planner_versions.tsv.before_v18_20260816_195849
.d..t.... planner_versions/
.d..t.... planner_versions/v11_return118/python/hope_planner/
.d..t.... planner_versions/v12_return118_v10_revision/python/hope_planner/
cd+++++++ planner_versions/v14_exact_one_bounce_return118/
<f+++++++ planner_versions/v14_exact_one_bounce_return118/REPLAY_REPORT.md
<f+++++++ planner_versions/v14_exact_one_bounce_return118/STARTUP_V12_ZH.md
<f+++++++ planner_versions/v14_exact_one_bounce_return118/V12_CHANGE_AUDIT.md
<f+++++++ planner_versions/v14_exact_one_bounce_return118/V14_CHANGE_AUDIT.md
<f+++++++ planner_versions/v14_exact_one_bounce_return118/VERSION.md
<f+++++++ planner_versions/v14_exact_one_bounce_return118/VERSION.md.before_bounce_region_20260809_161648
cd+++++++ planner_versions/v14_exact_one_bounce_return118/config/
<f+++++++ planner_versions/v14_exact_one_bounce_return118/config/hope_planner.yaml
<f+++++++ planner_versions/v14_exact_one_bounce_return118/config/hope_planner.yaml.before_bounce_region_20260809_161648
cd+++++++ planner_versions/v14_exact_one_bounce_return118/python/
cd+++++++ planner_versions/v14_exact_one_bounce_return118/python/hope_planner/
<f+++++++ planner_versions/v14_exact_one_bounce_return118/python/hope_planner/__init__.py
<f+++++++ planner_versions/v14_exact_one_bounce_return118/python/hope_planner/bag_to_csv.py
<f+++++++ planner_versions/v14_exact_one_bounce_return118/python/hope_planner/ball_contact.py
<f+++++++ planner_versions/v14_exact_one_bounce_return118/python/hope_planner/ball_state_estimator.py
<f+++++++ planner_versions/v14_exact_one_bounce_return118/python/hope_planner/ball_trajectory_predictor.py
<f+++++++ planner_versions/v14_exact_one_bounce_return118/python/hope_planner/ball_trajectory_predictor.py.before_bounce_region_20260809_161648
<f+++++++ planner_versions/v14_exact_one_bounce_return118/python/hope_planner/command_stability_gate.py
<f+++++++ planner_versions/v14_exact_one_bounce_return118/python/hope_planner/constants.py
<f+++++++ planner_versions/v14_exact_one_bounce_return118/python/hope_planner/dropout_robustness.py
<f+++++++ planner_versions/v14_exact_one_bounce_return118/python/hope_planner/evaluation.py
<f+++++++ planner_versions/v14_exact_one_bounce_return118/python/hope_planner/node.py
<f+++++++ planner_versions/v14_exact_one_bounce_return118/python/hope_planner/planner.py
<f+++++++ planner_versions/v14_exact_one_bounce_return118/python/hope_planner/quaternion_utils.py
<f+++++++ planner_versions/v14_exact_one_bounce_return118/python/hope_planner/racket_target_planner.py
<f+++++++ planner_versions/v14_exact_one_bounce_return118/python/hope_planner/side_selection.py
cd+++++++ planner_versions/v14_exact_one_bounce_return118/test/
<f+++++++ planner_versions/v14_exact_one_bounce_return118/test/check_return118_contract.py
<f+++++++ planner_versions/v14_exact_one_bounce_return118/test/test_dropout_robustness.py
<f+++++++ planner_versions/v14_exact_one_bounce_return118/test/test_early_rebase.py
<f+++++++ planner_versions/v14_exact_one_bounce_return118/test/test_incoming_filters.py
<f+++++++ planner_versions/v14_exact_one_bounce_return118/test/test_prediction_trace.py
<f+++++++ planner_versions/v14_exact_one_bounce_return118/test/test_return118_normal_contract.py
cd+++++++ planner_versions/v14_exact_one_bounce_return118/tools/
<f+++++++ planner_versions/v14_exact_one_bounce_return118/tools/analyze_mcap_gaps.py
cd+++++++ planner_versions/v15_hitter110_base_target/
<f+++++++ planner_versions/v15_hitter110_base_target/MOTION_OFFSET_PROVENANCE.json
<f+++++++ planner_versions/v15_hitter110_base_target/REPLAY_REPORT.md
<f+++++++ planner_versions/v15_hitter110_base_target/STARTUP_V12_ZH.md
<f+++++++ planner_versions/v15_hitter110_base_target/V12_CHANGE_AUDIT.md
<f+++++++ planner_versions/v15_hitter110_base_target/V14_CHANGE_AUDIT.md
<f+++++++ planner_versions/v15_hitter110_base_target/V15_CHANGE_AUDIT.md
<f+++++++ planner_versions/v15_hitter110_base_target/VERSION.md
cd+++++++ planner_versions/v15_hitter110_base_target/config/
<f+++++++ planner_versions/v15_hitter110_base_target/config/hope_planner.yaml
<f+++++++ planner_versions/v15_hitter110_base_target/config/hope_planner.yaml.before_formal_npz_20260814_221509
cd+++++++ planner_versions/v15_hitter110_base_target/motion_evidence/
<f+++++++ planner_versions/v15_hitter110_base_target/motion_evidence/hitter_backhand_50hz.npz
<f+++++++ planner_versions/v15_hitter110_base_target/motion_evidence/hitter_forehand_50hz.npz
cd+++++++ planner_versions/v15_hitter110_base_target/python/
cd+++++++ planner_versions/v15_hitter110_base_target/python/hope_planner/
<f+++++++ planner_versions/v15_hitter110_base_target/python/hope_planner/__init__.py
<f+++++++ planner_versions/v15_hitter110_base_target/python/hope_planner/bag_to_csv.py
<f+++++++ planner_versions/v15_hitter110_base_target/python/hope_planner/ball_contact.py
<f+++++++ planner_versions/v15_hitter110_base_target/python/hope_planner/ball_state_estimator.py
<f+++++++ planner_versions/v15_hitter110_base_target/python/hope_planner/ball_trajectory_predictor.py
<f+++++++ planner_versions/v15_hitter110_base_target/python/hope_planner/command_stability_gate.py
<f+++++++ planner_versions/v15_hitter110_base_target/python/hope_planner/constants.py
<f+++++++ planner_versions/v15_hitter110_base_target/python/hope_planner/dropout_robustness.py
<f+++++++ planner_versions/v15_hitter110_base_target/python/hope_planner/evaluation.py
<f+++++++ planner_versions/v15_hitter110_base_target/python/hope_planner/hitter_base_target.py
<f+++++++ planner_versions/v15_hitter110_base_target/python/hope_planner/node.py
<f+++++++ planner_versions/v15_hitter110_base_target/python/hope_planner/planner.py
<f+++++++ planner_versions/v15_hitter110_base_target/python/hope_planner/quaternion_utils.py
<f+++++++ planner_versions/v15_hitter110_base_target/python/hope_planner/racket_target_planner.py
<f+++++++ planner_versions/v15_hitter110_base_target/python/hope_planner/side_selection.py
cd+++++++ planner_versions/v15_hitter110_base_target/test/
<f+++++++ planner_versions/v15_hitter110_base_target/test/check_return118_contract.py
<f+++++++ planner_versions/v15_hitter110_base_target/test/test_dropout_robustness.py
<f+++++++ planner_versions/v15_hitter110_base_target/test/test_early_rebase.py
<f+++++++ planner_versions/v15_hitter110_base_target/test/test_hitter_base_target.py
<f+++++++ planner_versions/v15_hitter110_base_target/test/test_incoming_filters.py
<f+++++++ planner_versions/v15_hitter110_base_target/test/test_prediction_trace.py
<f+++++++ planner_versions/v15_hitter110_base_target/test/test_return118_normal_contract.py
cd+++++++ planner_versions/v15_hitter110_base_target/tools/
<f+++++++ planner_versions/v15_hitter110_base_target/tools/analyze_mcap_gaps.py
<f+++++++ planner_versions/v15_hitter110_base_target/tools/extract_hitter_motion_offsets.py
cd+++++++ planner_versions/v16_hitter110_training_aligned/
<f+++++++ planner_versions/v16_hitter110_training_aligned/REPLAY_REPORT.md
<f+++++++ planner_versions/v16_hitter110_training_aligned/STARTUP_V12_ZH.md
<f+++++++ planner_versions/v16_hitter110_training_aligned/V12_CHANGE_AUDIT.md
<f+++++++ planner_versions/v16_hitter110_training_aligned/V16_CHANGE_AUDIT.md
<f+++++++ planner_versions/v16_hitter110_training_aligned/VERSION.md
<f+++++++ planner_versions/v16_hitter110_training_aligned/run_hdu_stack_v16.sh
cd+++++++ planner_versions/v16_hitter110_training_aligned/.pytest_cache/
<f+++++++ planner_versions/v16_hitter110_training_aligned/.pytest_cache/.gitignore
<f+++++++ planner_versions/v16_hitter110_training_aligned/.pytest_cache/CACHEDIR.TAG
<f+++++++ planner_versions/v16_hitter110_training_aligned/.pytest_cache/README.md
cd+++++++ planner_versions/v16_hitter110_training_aligned/.pytest_cache/v/
cd+++++++ planner_versions/v16_hitter110_training_aligned/.pytest_cache/v/cache/
<f+++++++ planner_versions/v16_hitter110_training_aligned/.pytest_cache/v/cache/lastfailed
<f+++++++ planner_versions/v16_hitter110_training_aligned/.pytest_cache/v/cache/nodeids
<f+++++++ planner_versions/v16_hitter110_training_aligned/.pytest_cache/v/cache/stepwise
cd+++++++ planner_versions/v16_hitter110_training_aligned/config/
<f+++++++ planner_versions/v16_hitter110_training_aligned/config/hope_planner.yaml
cd+++++++ planner_versions/v16_hitter110_training_aligned/python/
cd+++++++ planner_versions/v16_hitter110_training_aligned/python/hope_planner/
<f+++++++ planner_versions/v16_hitter110_training_aligned/python/hope_planner/__init__.py
<f+++++++ planner_versions/v16_hitter110_training_aligned/python/hope_planner/bag_to_csv.py
<f+++++++ planner_versions/v16_hitter110_training_aligned/python/hope_planner/ball_contact.py
<f+++++++ planner_versions/v16_hitter110_training_aligned/python/hope_planner/ball_state_estimator.py
<f+++++++ planner_versions/v16_hitter110_training_aligned/python/hope_planner/ball_trajectory_predictor.py
<f+++++++ planner_versions/v16_hitter110_training_aligned/python/hope_planner/command_stability_gate.py
<f+++++++ planner_versions/v16_hitter110_training_aligned/python/hope_planner/constants.py
<f+++++++ planner_versions/v16_hitter110_training_aligned/python/hope_planner/dropout_robustness.py
<f+++++++ planner_versions/v16_hitter110_training_aligned/python/hope_planner/evaluation.py
<f+++++++ planner_versions/v16_hitter110_training_aligned/python/hope_planner/hitter_base_target.py
<f+++++++ planner_versions/v16_hitter110_training_aligned/python/hope_planner/node.py
<f+++++++ planner_versions/v16_hitter110_training_aligned/python/hope_planner/planner.py
<f+++++++ planner_versions/v16_hitter110_training_aligned/python/hope_planner/quaternion_utils.py
<f+++++++ planner_versions/v16_hitter110_training_aligned/python/hope_planner/racket_target_planner.py
<f+++++++ planner_versions/v16_hitter110_training_aligned/python/hope_planner/side_selection.py
cd+++++++ planner_versions/v16_hitter110_training_aligned/test/
<f+++++++ planner_versions/v16_hitter110_training_aligned/test/check_return118_contract.py
<f+++++++ planner_versions/v16_hitter110_training_aligned/test/test_dropout_robustness.py
<f+++++++ planner_versions/v16_hitter110_training_aligned/test/test_early_rebase.py
<f+++++++ planner_versions/v16_hitter110_training_aligned/test/test_hitter_base_target.py
<f+++++++ planner_versions/v16_hitter110_training_aligned/test/test_incoming_filters.py
<f+++++++ planner_versions/v16_hitter110_training_aligned/test/test_prediction_trace.py
<f+++++++ planner_versions/v16_hitter110_training_aligned/test/test_return118_normal_contract.py
cd+++++++ planner_versions/v16_hitter110_training_aligned/test/.pytest_cache/
<f+++++++ planner_versions/v16_hitter110_training_aligned/test/.pytest_cache/.gitignore
<f+++++++ planner_versions/v16_hitter110_training_aligned/test/.pytest_cache/CACHEDIR.TAG
<f+++++++ planner_versions/v16_hitter110_training_aligned/test/.pytest_cache/README.md
cd+++++++ planner_versions/v16_hitter110_training_aligned/test/.pytest_cache/v/
cd+++++++ planner_versions/v16_hitter110_training_aligned/test/.pytest_cache/v/cache/
<f+++++++ planner_versions/v16_hitter110_training_aligned/test/.pytest_cache/v/cache/lastfailed
<f+++++++ planner_versions/v16_hitter110_training_aligned/test/.pytest_cache/v/cache/nodeids
<f+++++++ planner_versions/v16_hitter110_training_aligned/test/.pytest_cache/v/cache/stepwise
cd+++++++ planner_versions/v16_hitter110_training_aligned/tools/
<f+++++++ planner_versions/v16_hitter110_training_aligned/tools/analyze_mcap_gaps.py
cd+++++++ planner_versions/v17_hitter110_xuanhong_v12_wide/
<f+++++++ planner_versions/v17_hitter110_xuanhong_v12_wide/V17_CHANGE_AUDIT.md
<f+++++++ planner_versions/v17_hitter110_xuanhong_v12_wide/VERSION.md
<f+++++++ planner_versions/v17_hitter110_xuanhong_v12_wide/check_v17_contract.py
<f+++++++ planner_versions/v17_hitter110_xuanhong_v12_wide/run_hdu_stack_v17.sh
cd+++++++ planner_versions/v17_hitter110_xuanhong_v12_wide/config/
<f+++++++ planner_versions/v17_hitter110_xuanhong_v12_wide/config/hope_planner.yaml
cd+++++++ planner_versions/v17_hitter110_xuanhong_v12_wide/python/
cd+++++++ planner_versions/v17_hitter110_xuanhong_v12_wide/python/hope_planner/
<f+++++++ planner_versions/v17_hitter110_xuanhong_v12_wide/python/hope_planner/__init__.py
<f+++++++ planner_versions/v17_hitter110_xuanhong_v12_wide/python/hope_planner/bag_to_csv.py
<f+++++++ planner_versions/v17_hitter110_xuanhong_v12_wide/python/hope_planner/ball_contact.py
<f+++++++ planner_versions/v17_hitter110_xuanhong_v12_wide/python/hope_planner/ball_state_estimator.py
<f+++++++ planner_versions/v17_hitter110_xuanhong_v12_wide/python/hope_planner/ball_trajectory_predictor.py
<f+++++++ planner_versions/v17_hitter110_xuanhong_v12_wide/python/hope_planner/command_stability_gate.py
<f+++++++ planner_versions/v17_hitter110_xuanhong_v12_wide/python/hope_planner/constants.py
<f+++++++ planner_versions/v17_hitter110_xuanhong_v12_wide/python/hope_planner/dropout_robustness.py
<f+++++++ planner_versions/v17_hitter110_xuanhong_v12_wide/python/hope_planner/node.py
<f+++++++ planner_versions/v17_hitter110_xuanhong_v12_wide/python/hope_planner/planner.py
<f+++++++ planner_versions/v17_hitter110_xuanhong_v12_wide/python/hope_planner/quaternion_utils.py
<f+++++++ planner_versions/v17_hitter110_xuanhong_v12_wide/python/hope_planner/racket_target_planner.py
<f+++++++ planner_versions/v17_hitter110_xuanhong_v12_wide/python/hope_planner/side_selection.py
cd+++++++ planner_versions/v17_hitter110_xuanhong_v12_wide/test/
<f+++++++ planner_versions/v17_hitter110_xuanhong_v12_wide/test/test_ball_state_estimator.py
<f+++++++ planner_versions/v17_hitter110_xuanhong_v12_wide/test/test_ball_trajectory_predictor.py
<f+++++++ planner_versions/v17_hitter110_xuanhong_v12_wide/test/test_dropout_robustness.py
<f+++++++ planner_versions/v17_hitter110_xuanhong_v12_wide/test/test_early_rebase.py
<f+++++++ planner_versions/v17_hitter110_xuanhong_v12_wide/test/test_hitter_message_contract.py
<f+++++++ planner_versions/v17_hitter110_xuanhong_v12_wide/test/test_hitter_profile_contract.py
<f+++++++ planner_versions/v17_hitter110_xuanhong_v12_wide/test/test_incoming_filters.py
<f+++++++ planner_versions/v17_hitter110_xuanhong_v12_wide/test/test_prediction_trace.py
<f+++++++ planner_versions/v17_hitter110_xuanhong_v12_wide/test/test_quaternion_utils.py
<f+++++++ planner_versions/v17_hitter110_xuanhong_v12_wide/test/test_racket_target_planner.py
<f+++++++ planner_versions/v17_hitter110_xuanhong_v12_wide/test/test_return118_normal_contract.py
<f+++++++ planner_versions/v17_hitter110_xuanhong_v12_wide/test/test_side_selection.py
cd+++++++ planner_versions/v17_hitter110_xuanhong_v12_wide/test/.pytest_cache/
<f+++++++ planner_versions/v17_hitter110_xuanhong_v12_wide/test/.pytest_cache/.gitignore
<f+++++++ planner_versions/v17_hitter110_xuanhong_v12_wide/test/.pytest_cache/CACHEDIR.TAG
<f+++++++ planner_versions/v17_hitter110_xuanhong_v12_wide/test/.pytest_cache/README.md
cd+++++++ planner_versions/v17_hitter110_xuanhong_v12_wide/test/.pytest_cache/v/
cd+++++++ planner_versions/v17_hitter110_xuanhong_v12_wide/test/.pytest_cache/v/cache/
<f+++++++ planner_versions/v17_hitter110_xuanhong_v12_wide/test/.pytest_cache/v/cache/lastfailed
<f+++++++ planner_versions/v17_hitter110_xuanhong_v12_wide/test/.pytest_cache/v/cache/nodeids
<f+++++++ planner_versions/v17_hitter110_xuanhong_v12_wide/test/.pytest_cache/v/cache/stepwise
cd+++++++ planner_versions/v18_lateral_margin_return118/
<f+++++++ planner_versions/v18_lateral_margin_return118/REPLAY_REPORT.md
<f+++++++ planner_versions/v18_lateral_margin_return118/STARTUP_V18_A3_2_ZH.md
<f+++++++ planner_versions/v18_lateral_margin_return118/V12_CHANGE_AUDIT.md
<f+++++++ planner_versions/v18_lateral_margin_return118/V14_CHANGE_AUDIT.md
<f+++++++ planner_versions/v18_lateral_margin_return118/V18_CHANGE_AUDIT.md
<f+++++++ planner_versions/v18_lateral_margin_return118/VERSION.md
cd+++++++ planner_versions/v18_lateral_margin_return118/config/
<f+++++++ planner_versions/v18_lateral_margin_return118/config/hope_planner.yaml
cd+++++++ planner_versions/v18_lateral_margin_return118/python/
cd+++++++ planner_versions/v18_lateral_margin_return118/python/hope_planner/
<f+++++++ planner_versions/v18_lateral_margin_return118/python/hope_planner/__init__.py
<f+++++++ planner_versions/v18_lateral_margin_return118/python/hope_planner/bag_to_csv.py
<f+++++++ planner_versions/v18_lateral_margin_return118/python/hope_planner/ball_contact.py
<f+++++++ planner_versions/v18_lateral_margin_return118/python/hope_planner/ball_state_estimator.py
<f+++++++ planner_versions/v18_lateral_margin_return118/python/hope_planner/ball_trajectory_predictor.py
<f+++++++ planner_versions/v18_lateral_margin_return118/python/hope_planner/command_stability_gate.py
<f+++++++ planner_versions/v18_lateral_margin_return118/python/hope_planner/constants.py
<f+++++++ planner_versions/v18_lateral_margin_return118/python/hope_planner/dropout_robustness.py
<f+++++++ planner_versions/v18_lateral_margin_return118/python/hope_planner/evaluation.py
<f+++++++ planner_versions/v18_lateral_margin_return118/python/hope_planner/node.py
<f+++++++ planner_versions/v18_lateral_margin_return118/python/hope_planner/planner.py
<f+++++++ planner_versions/v18_lateral_margin_return118/python/hope_planner/quaternion_utils.py
<f+++++++ planner_versions/v18_lateral_margin_return118/python/hope_planner/racket_target_planner.py
<f+++++++ planner_versions/v18_lateral_margin_return118/python/hope_planner/side_selection.py
cd+++++++ planner_versions/v18_lateral_margin_return118/test/
<f+++++++ planner_versions/v18_lateral_margin_return118/test/check_return118_contract.py
<f+++++++ planner_versions/v18_lateral_margin_return118/test/test_dropout_robustness.py
<f+++++++ planner_versions/v18_lateral_margin_return118/test/test_early_rebase.py
<f+++++++ planner_versions/v18_lateral_margin_return118/test/test_incoming_filters.py
<f+++++++ planner_versions/v18_lateral_margin_return118/test/test_prediction_trace.py
<f+++++++ planner_versions/v18_lateral_margin_return118/test/test_return118_normal_contract.py
cd+++++++ planner_versions/v18_lateral_margin_return118/tools/
<f+++++++ planner_versions/v18_lateral_margin_return118/tools/analyze_mcap_gaps.py
.d..t.... scripts/
<fcst.... scripts/hdu_planner_udp_bridge.py
<f+++++++ scripts/hdu_planner_udp_bridge.py.before_v15_20260814_214657
<fcst.... scripts/hdu_record_control_server.py
.d..t.... ./
cd+++++++ .pytest_cache/
<f+++++++ .pytest_cache/.gitignore
<f+++++++ .pytest_cache/CACHEDIR.TAG
<f+++++++ .pytest_cache/README.md
cd+++++++ .pytest_cache/v/
cd+++++++ .pytest_cache/v/cache/
<f+++++++ .pytest_cache/v/cache/nodeids
<f+++++++ .pytest_cache/v/cache/stepwise
.d..t.... build/hope_bringup/
.f..t.... build/hope_bringup/AMENT_IGNORE
.f..t.... build/hope_bringup/CTestCustom.cmake
<fcst.... build/hope_bringup/CTestTestfile.cmake
.f..t.... build/hope_bringup/Makefile
<fcst.... build/hope_bringup/cmake_args.last
.f..t.... build/hope_bringup/colcon_build.rc
.f..t.... build/hope_bringup/colcon_command_prefix_build.sh
<fcst.... build/hope_bringup/colcon_command_prefix_build.sh.env
.f..t.... build/hope_bringup/install_manifest.txt
<fcst.... build/hope_bringup/symlink_install_manifest.txt
.d..t.... build/hope_bringup/.cmake/api/v1/
.f..t.... build/hope_bringup/.cmake/api/v1/query/client-colcon-cmake/codemodel-v2
.d..t.... build/hope_bringup/.cmake/api/v1/reply/
<f+++++++ build/hope_bringup/.cmake/api/v1/reply/index-2026-08-16T05-09-21-0403.json
.d..t.... build/hope_bringup/CMakeFiles/
.f..t.... build/hope_bringup/CMakeFiles/CMakeRuleHashes.txt
.f..t.... build/hope_bringup/CMakeFiles/Makefile.cmake
.f..t.... build/hope_bringup/CMakeFiles/Makefile2
.f..t.... build/hope_bringup/CMakeFiles/TargetDirectories.txt
.f..t.... build/hope_bringup/CMakeFiles/cmake.check_cache
.f..t.... build/hope_bringup/CMakeFiles/progress.marks
.d..t.... build/hope_bringup/CMakeFiles/hope_bringup_uninstall.dir/
.f..t.... build/hope_bringup/CMakeFiles/hope_bringup_uninstall.dir/cmake_clean.cmake
.f..t.... build/hope_bringup/CMakeFiles/hope_bringup_uninstall.dir/progress.make
.d..t.... build/hope_bringup/CMakeFiles/pkgRedirects/
.d..t.... build/hope_bringup/CMakeFiles/uninstall.dir/
.f..t.... build/hope_bringup/CMakeFiles/uninstall.dir/cmake_clean.cmake
.f..t.... build/hope_bringup/CMakeFiles/uninstall.dir/progress.make
.d..t.... build/hope_bringup/ament_cmake_core/
.f..t.... build/hope_bringup/ament_cmake_core/package.cmake
.d..t.... build/hope_bringup/ament_cmake_environment_hooks/
.d..t.... build/hope_bringup/ament_cmake_index/share/ament_index/resource_index/package_run_dependencies/
.d..t.... build/hope_bringup/ament_cmake_index/share/ament_index/resource_index/packages/
.d..t.... build/hope_bringup/ament_cmake_index/share/ament_index/resource_index/parent_prefix_path/
.f..t.... build/hope_bringup/ament_cmake_package_templates/templates.cmake
.d..t.... build/hope_bringup/ament_cmake_symlink_install/
<fcst.... build/hope_bringup/ament_cmake_symlink_install/ament_cmake_symlink_install.cmake
.d..t.... build/hope_bringup/ament_cmake_uninstall_target/
.f..t.... build/hope_bringup/ament_cmake_uninstall_target/ament_cmake_uninstall_target.cmake
.d..t.... build/hope_msgs/
.f..t.... build/hope_msgs/AMENT_IGNORE
.f..t.... build/hope_msgs/CTestCustom.cmake
.f..t.... build/hope_msgs/Makefile
.f..t.... build/hope_msgs/cmake_args.last
.f..t.... build/hope_msgs/colcon_build.rc
.f..t.... build/hope_msgs/colcon_command_prefix_build.sh
<fcst.... build/hope_msgs/colcon_command_prefix_build.sh.env
.f..t.... build/hope_msgs/install_manifest.txt
<fcst.... build/hope_msgs/libhope_msgs__rosidl_generator_c.so
<fcst.... build/hope_msgs/libhope_msgs__rosidl_generator_py.so
.f..t.... build/hope_msgs/libhope_msgs__rosidl_typesupport_c.so
.f..t.... build/hope_msgs/libhope_msgs__rosidl_typesupport_cpp.so
<fcst.... build/hope_msgs/libhope_msgs__rosidl_typesupport_fastrtps_c.so
<fcst.... build/hope_msgs/libhope_msgs__rosidl_typesupport_fastrtps_cpp.so
<fcst.... build/hope_msgs/libhope_msgs__rosidl_typesupport_introspection_c.so
<fcst.... build/hope_msgs/libhope_msgs__rosidl_typesupport_introspection_cpp.so
.f..t.... build/hope_msgs/rosidl_adapter__arguments__hope_msgs.json
.f..t.... build/hope_msgs/rosidl_generator_c__arguments.json
.f..t.... build/hope_msgs/rosidl_generator_cpp__arguments.json
.f..t.... build/hope_msgs/rosidl_generator_py__arguments.json
.f..t.... build/hope_msgs/rosidl_generator_type_description__arguments.json
.f..t.... build/hope_msgs/rosidl_typesupport_c__arguments.json
.f..t.... build/hope_msgs/rosidl_typesupport_cpp__arguments.json
.f..t.... build/hope_msgs/rosidl_typesupport_fastrtps_c__arguments.json
.f..t.... build/hope_msgs/rosidl_typesupport_fastrtps_cpp__arguments.json
.f..t.... build/hope_msgs/rosidl_typesupport_introspection_c__arguments.json
.f..t.... build/hope_msgs/rosidl_typesupport_introspection_cpp__arguments.json
.f..t.... build/hope_msgs/symlink_install_manifest.txt
.d..t.... build/hope_msgs/.cmake/api/v1/
.d..t.... build/hope_msgs/.cmake/api/v1/reply/
<f+++++++ build/hope_msgs/.cmake/api/v1/reply/codemodel-v2-cca91506171320ae483e.json
<f+++++++ build/hope_msgs/.cmake/api/v1/reply/index-2026-08-14T13-47-09-0419.json
<f+++++++ build/hope_msgs/.cmake/api/v1/reply/target-hope_msgs-Release-426209c04590601dcfee.json
<f+++++++ build/hope_msgs/.cmake/api/v1/reply/target-hope_msgs__rosidl_generator_py-Release-cf9ca495e37bd1e19cb0.json
<f+++++++ build/hope_msgs/.cmake/api/v1/reply/target-hope_msgs__rosidl_typesupport_cpp-Release-1d2f50d1c57856371fe8.json
<f+++++++ build/hope_msgs/.cmake/api/v1/reply/target-hope_msgs__rosidl_typesupport_fastrtps_cpp-Release-d0e5e6e41478daed5d12.json
<f+++++++ build/hope_msgs/.cmake/api/v1/reply/target-hope_msgs__rosidl_typesupport_introspection_cpp-Release-5698ae70c4f90a435393.json
<f+++++++ build/hope_msgs/.cmake/api/v1/reply/target-hope_msgs_s__rosidl_typesupport_c-Release-fffd435c6891255e7912.json
<f+++++++ build/hope_msgs/.cmake/api/v1/reply/target-hope_msgs_s__rosidl_typesupport_fastrtps_c-Release-08bce96b1f3f691f2ea5.json
<f+++++++ build/hope_msgs/.cmake/api/v1/reply/target-hope_msgs_s__rosidl_typesupport_introspection_c-Release-b8387f118a79e4b463b2.json
.d..t.... build/hope_msgs/CMakeFiles/
.f..t.... build/hope_msgs/CMakeFiles/CMakeRuleHashes.txt
.f..t.... build/hope_msgs/CMakeFiles/Makefile.cmake
<fc.t.... build/hope_msgs/CMakeFiles/Makefile2
.f..t.... build/hope_msgs/CMakeFiles/TargetDirectories.txt
.f..t.... build/hope_msgs/CMakeFiles/cmake.check_cache
.f..t.... build/hope_msgs/CMakeFiles/progress.marks
.d..t.... build/hope_msgs/CMakeFiles/Export/14a649c312e205fd12746fb1ae583958/
.d..t.... build/hope_msgs/CMakeFiles/ament_cmake_python_build_hope_msgs_egg.dir/
.f..t.... build/hope_msgs/CMakeFiles/ament_cmake_python_build_hope_msgs_egg.dir/cmake_clean.cmake
.f..t.... build/hope_msgs/CMakeFiles/ament_cmake_python_build_hope_msgs_egg.dir/progress.make
.d..t.... build/hope_msgs/CMakeFiles/ament_cmake_python_symlink_hope_msgs.dir/
.f..t.... build/hope_msgs/CMakeFiles/ament_cmake_python_symlink_hope_msgs.dir/cmake_clean.cmake
.f..t.... build/hope_msgs/CMakeFiles/ament_cmake_python_symlink_hope_msgs.dir/progress.make
.d..t.... build/hope_msgs/CMakeFiles/hope_msgs.dir/
.f..t.... build/hope_msgs/CMakeFiles/hope_msgs.dir/cmake_clean.cmake
.f..t.... build/hope_msgs/CMakeFiles/hope_msgs.dir/progress.make
.d..t.... build/hope_msgs/CMakeFiles/hope_msgs__cpp.dir/
.f..t.... build/hope_msgs/CMakeFiles/hope_msgs__cpp.dir/cmake_clean.cmake
.f..t.... build/hope_msgs/CMakeFiles/hope_msgs__cpp.dir/progress.make
.d..t.... build/hope_msgs/CMakeFiles/hope_msgs__rosidl_generator_c.dir/
.f..t.... build/hope_msgs/CMakeFiles/hope_msgs__rosidl_generator_c.dir/cmake_clean.cmake
<fc.t.... build/hope_msgs/CMakeFiles/hope_msgs__rosidl_generator_c.dir/compiler_depend.internal
<fc.t.... build/hope_msgs/CMakeFiles/hope_msgs__rosidl_generator_c.dir/compiler_depend.make
.f..t.... build/hope_msgs/CMakeFiles/hope_msgs__rosidl_generator_c.dir/depend.make
.f..t.... build/hope_msgs/CMakeFiles/hope_msgs__rosidl_generator_c.dir/progress.make
.d..t.... build/hope_msgs/CMakeFiles/hope_msgs__rosidl_generator_c.dir/rosidl_generator_c/hope_msgs/msg/detail/
<fcst.... build/hope_msgs/CMakeFiles/hope_msgs__rosidl_generator_c.dir/rosidl_generator_c/hope_msgs/msg/detail/racket_command__description.c.o
<fc.t.... build/hope_msgs/CMakeFiles/hope_msgs__rosidl_generator_c.dir/rosidl_generator_c/hope_msgs/msg/detail/racket_command__description.c.o.d
<fcst.... build/hope_msgs/CMakeFiles/hope_msgs__rosidl_generator_c.dir/rosidl_generator_c/hope_msgs/msg/detail/racket_command__functions.c.o
.f..t.... build/hope_msgs/CMakeFiles/hope_msgs__rosidl_generator_c.dir/rosidl_generator_c/hope_msgs/msg/detail/racket_command__functions.c.o.d
.f..t.... build/hope_msgs/CMakeFiles/hope_msgs__rosidl_generator_c.dir/rosidl_generator_c/hope_msgs/msg/detail/racket_command__type_support.c.o
<fc.t.... build/hope_msgs/CMakeFiles/hope_msgs__rosidl_generator_c.dir/rosidl_generator_c/hope_msgs/msg/detail/racket_command__type_support.c.o.d
.d..t.... build/hope_msgs/CMakeFiles/hope_msgs__rosidl_generator_py.dir/
.f..t.... build/hope_msgs/CMakeFiles/hope_msgs__rosidl_generator_py.dir/cmake_clean.cmake
.f..t.... build/hope_msgs/CMakeFiles/hope_msgs__rosidl_generator_py.dir/compiler_depend.internal
.f..t.... build/hope_msgs/CMakeFiles/hope_msgs__rosidl_generator_py.dir/compiler_depend.make
.f..t.... build/hope_msgs/CMakeFiles/hope_msgs__rosidl_generator_py.dir/depend.make
.f..t.... build/hope_msgs/CMakeFiles/hope_msgs__rosidl_generator_py.dir/progress.make
.d..t.... build/hope_msgs/CMakeFiles/hope_msgs__rosidl_generator_py.dir/rosidl_generator_py/hope_msgs/msg/
<fcst.... build/hope_msgs/CMakeFiles/hope_msgs__rosidl_generator_py.dir/rosidl_generator_py/hope_msgs/msg/_racket_command_s.c.o
.f..t.... build/hope_msgs/CMakeFiles/hope_msgs__rosidl_generator_py.dir/rosidl_generator_py/hope_msgs/msg/_racket_command_s.c.o.d
.d..t.... build/hope_msgs/CMakeFiles/hope_msgs__rosidl_generator_type_description.dir/
.f..t.... build/hope_msgs/CMakeFiles/hope_msgs__rosidl_generator_type_description.dir/cmake_clean.cmake
.f..t.... build/hope_msgs/CMakeFiles/hope_msgs__rosidl_generator_type_description.dir/progress.make
.d..t.... build/hope_msgs/CMakeFiles/hope_msgs__rosidl_typesupport_c.dir/
.f..t.... build/hope_msgs/CMakeFiles/hope_msgs__rosidl_typesupport_c.dir/cmake_clean.cmake
.f..t.... build/hope_msgs/CMakeFiles/hope_msgs__rosidl_typesupport_c.dir/compiler_depend.internal
.f..t.... build/hope_msgs/CMakeFiles/hope_msgs__rosidl_typesupport_c.dir/compiler_depend.make
.f..t.... build/hope_msgs/CMakeFiles/hope_msgs__rosidl_typesupport_c.dir/depend.make
.f..t.... build/hope_msgs/CMakeFiles/hope_msgs__rosidl_typesupport_c.dir/progress.make
.d..t.... build/hope_msgs/CMakeFiles/hope_msgs__rosidl_typesupport_c.dir/rosidl_typesupport_c/hope_msgs/msg/
.f..t.... build/hope_msgs/CMakeFiles/hope_msgs__rosidl_typesupport_c.dir/rosidl_typesupport_c/hope_msgs/msg/racket_command__type_support.cpp.o
.f..t.... build/hope_msgs/CMakeFiles/hope_msgs__rosidl_typesupport_c.dir/rosidl_typesupport_c/hope_msgs/msg/racket_command__type_support.cpp.o.d
.d..t.... build/hope_msgs/CMakeFiles/hope_msgs__rosidl_typesupport_cpp.dir/
.f..t.... build/hope_msgs/CMakeFiles/hope_msgs__rosidl_typesupport_cpp.dir/cmake_clean.cmake
.f..t.... build/hope_msgs/CMakeFiles/hope_msgs__rosidl_typesupport_cpp.dir/compiler_depend.internal
.f..t.... build/hope_msgs/CMakeFiles/hope_msgs__rosidl_typesupport_cpp.dir/compiler_depend.make
.f..t.... build/hope_msgs/CMakeFiles/hope_msgs__rosidl_typesupport_cpp.dir/depend.make
.f..t.... build/hope_msgs/CMakeFiles/hope_msgs__rosidl_typesupport_cpp.dir/progress.make
.d..t.... build/hope_msgs/CMakeFiles/hope_msgs__rosidl_typesupport_cpp.dir/rosidl_typesupport_cpp/hope_msgs/msg/
.f..t.... build/hope_msgs/CMakeFiles/hope_msgs__rosidl_typesupport_cpp.dir/rosidl_typesupport_cpp/hope_msgs/msg/racket_command__type_support.cpp.o
.f..t.... build/hope_msgs/CMakeFiles/hope_msgs__rosidl_typesupport_cpp.dir/rosidl_typesupport_cpp/hope_msgs/msg/racket_command__type_support.cpp.o.d
.d..t.... build/hope_msgs/CMakeFiles/hope_msgs__rosidl_typesupport_fastrtps_c.dir/
.f..t.... build/hope_msgs/CMakeFiles/hope_msgs__rosidl_typesupport_fastrtps_c.dir/cmake_clean.cmake
.f..t.... build/hope_msgs/CMakeFiles/hope_msgs__rosidl_typesupport_fastrtps_c.dir/compiler_depend.internal
.f..t.... build/hope_msgs/CMakeFiles/hope_msgs__rosidl_typesupport_fastrtps_c.dir/compiler_depend.make
.f..t.... build/hope_msgs/CMakeFiles/hope_msgs__rosidl_typesupport_fastrtps_c.dir/depend.make
.f..t.... build/hope_msgs/CMakeFiles/hope_msgs__rosidl_typesupport_fastrtps_c.dir/progress.make
.d..t.... build/hope_msgs/CMakeFiles/hope_msgs__rosidl_typesupport_fastrtps_c.dir/rosidl_typesupport_fastrtps_c/hope_msgs/msg/detail/
<fcst.... build/hope_msgs/CMakeFiles/hope_msgs__rosidl_typesupport_fastrtps_c.dir/rosidl_typesupport_fastrtps_c/hope_msgs/msg/detail/racket_command__type_support_c.cpp.o
.f..t.... build/hope_msgs/CMakeFiles/hope_msgs__rosidl_typesupport_fastrtps_c.dir/rosidl_typesupport_fastrtps_c/hope_msgs/msg/detail/racket_command__type_support_c.cpp.o.d
.d..t.... build/hope_msgs/CMakeFiles/hope_msgs__rosidl_typesupport_fastrtps_cpp.dir/
.f..t.... build/hope_msgs/CMakeFiles/hope_msgs__rosidl_typesupport_fastrtps_cpp.dir/cmake_clean.cmake
.f..t.... build/hope_msgs/CMakeFiles/hope_msgs__rosidl_typesupport_fastrtps_cpp.dir/compiler_depend.internal
.f..t.... build/hope_msgs/CMakeFiles/hope_msgs__rosidl_typesupport_fastrtps_cpp.dir/compiler_depend.make
.f..t.... build/hope_msgs/CMakeFiles/hope_msgs__rosidl_typesupport_fastrtps_cpp.dir/depend.make
.f..t.... build/hope_msgs/CMakeFiles/hope_msgs__rosidl_typesupport_fastrtps_cpp.dir/progress.make
.d..t.... build/hope_msgs/CMakeFiles/hope_msgs__rosidl_typesupport_fastrtps_cpp.dir/rosidl_typesupport_fastrtps_cpp/hope_msgs/msg/detail/dds_fastrtps/
<fcst.... build/hope_msgs/CMakeFiles/hope_msgs__rosidl_typesupport_fastrtps_cpp.dir/rosidl_typesupport_fastrtps_cpp/hope_msgs/msg/detail/dds_fastrtps/racket_command__type_support.cpp.o
.f..t.... build/hope_msgs/CMakeFiles/hope_msgs__rosidl_typesupport_fastrtps_cpp.dir/rosidl_typesupport_fastrtps_cpp/hope_msgs/msg/detail/dds_fastrtps/racket_command__type_support.cpp.o.d
.d..t.... build/hope_msgs/CMakeFiles/hope_msgs__rosidl_typesupport_introspection_c.dir/
.f..t.... build/hope_msgs/CMakeFiles/hope_msgs__rosidl_typesupport_introspection_c.dir/cmake_clean.cmake
.f..t.... build/hope_msgs/CMakeFiles/hope_msgs__rosidl_typesupport_introspection_c.dir/compiler_depend.internal
.f..t.... build/hope_msgs/CMakeFiles/hope_msgs__rosidl_typesupport_introspection_c.dir/compiler_depend.make
.f..t.... build/hope_msgs/CMakeFiles/hope_msgs__rosidl_typesupport_introspection_c.dir/depend.make
.f..t.... build/hope_msgs/CMakeFiles/hope_msgs__rosidl_typesupport_introspection_c.dir/progress.make
.d..t.... build/hope_msgs/CMakeFiles/hope_msgs__rosidl_typesupport_introspection_c.dir/rosidl_typesupport_introspection_c/hope_msgs/msg/detail/
<fcst.... build/hope_msgs/CMakeFiles/hope_msgs__rosidl_typesupport_introspection_c.dir/rosidl_typesupport_introspection_c/hope_msgs/msg/detail/racket_command__type_support.c.o
.f..t.... build/hope_msgs/CMakeFiles/hope_msgs__rosidl_typesupport_introspection_c.dir/rosidl_typesupport_introspection_c/hope_msgs/msg/detail/racket_command__type_support.c.o.d
.d..t.... build/hope_msgs/CMakeFiles/hope_msgs__rosidl_typesupport_introspection_cpp.dir/
.f..t.... build/hope_msgs/CMakeFiles/hope_msgs__rosidl_typesupport_introspection_cpp.dir/cmake_clean.cmake
.f..t.... build/hope_msgs/CMakeFiles/hope_msgs__rosidl_typesupport_introspection_cpp.dir/compiler_depend.internal
.f..t.... build/hope_msgs/CMakeFiles/hope_msgs__rosidl_typesupport_introspection_cpp.dir/compiler_depend.make
.f..t.... build/hope_msgs/CMakeFiles/hope_msgs__rosidl_typesupport_introspection_cpp.dir/depend.make
.f..t.... build/hope_msgs/CMakeFiles/hope_msgs__rosidl_typesupport_introspection_cpp.dir/progress.make
.d..t.... build/hope_msgs/CMakeFiles/hope_msgs__rosidl_typesupport_introspection_cpp.dir/rosidl_typesupport_introspection_cpp/hope_msgs/msg/detail/
<fcst.... build/hope_msgs/CMakeFiles/hope_msgs__rosidl_typesupport_introspection_cpp.dir/rosidl_typesupport_introspection_cpp/hope_msgs/msg/detail/racket_command__type_support.cpp.o
.f..t.... build/hope_msgs/CMakeFiles/hope_msgs__rosidl_typesupport_introspection_cpp.dir/rosidl_typesupport_introspection_cpp/hope_msgs/msg/detail/racket_command__type_support.cpp.o.d
.d..t.... build/hope_msgs/CMakeFiles/hope_msgs_s__rosidl_typesupport_c.dir/
.f..t.... build/hope_msgs/CMakeFiles/hope_msgs_s__rosidl_typesupport_c.dir/cmake_clean.cmake
.f..t.... build/hope_msgs/CMakeFiles/hope_msgs_s__rosidl_typesupport_c.dir/compiler_depend.internal
.f..t.... build/hope_msgs/CMakeFiles/hope_msgs_s__rosidl_typesupport_c.dir/compiler_depend.make
.f..t.... build/hope_msgs/CMakeFiles/hope_msgs_s__rosidl_typesupport_c.dir/depend.make
.f..t.... build/hope_msgs/CMakeFiles/hope_msgs_s__rosidl_typesupport_c.dir/progress.make
.d..t.... build/hope_msgs/CMakeFiles/hope_msgs_s__rosidl_typesupport_c.dir/rosidl_generator_py/hope_msgs/
.f..t.... build/hope_msgs/CMakeFiles/hope_msgs_s__rosidl_typesupport_c.dir/rosidl_generator_py/hope_msgs/_hope_msgs_s.ep.rosidl_typesupport_c.c.o
.f..t.... build/hope_msgs/CMakeFiles/hope_msgs_s__rosidl_typesupport_c.dir/rosidl_generator_py/hope_msgs/_hope_msgs_s.ep.rosidl_typesupport_c.c.o.d
.d..t.... build/hope_msgs/CMakeFiles/hope_msgs_s__rosidl_typesupport_fastrtps_c.dir/
.f..t.... build/hope_msgs/CMakeFiles/hope_msgs_s__rosidl_typesupport_fastrtps_c.dir/cmake_clean.cmake
.f..t.... build/hope_msgs/CMakeFiles/hope_msgs_s__rosidl_typesupport_fastrtps_c.dir/compiler_depend.internal
.f..t.... build/hope_msgs/CMakeFiles/hope_msgs_s__rosidl_typesupport_fastrtps_c.dir/compiler_depend.make
.f..t.... build/hope_msgs/CMakeFiles/hope_msgs_s__rosidl_typesupport_fastrtps_c.dir/depend.make
.f..t.... build/hope_msgs/CMakeFiles/hope_msgs_s__rosidl_typesupport_fastrtps_c.dir/progress.make
.d..t.... build/hope_msgs/CMakeFiles/hope_msgs_s__rosidl_typesupport_fastrtps_c.dir/rosidl_generator_py/hope_msgs/
.f..t.... build/hope_msgs/CMakeFiles/hope_msgs_s__rosidl_typesupport_fastrtps_c.dir/rosidl_generator_py/hope_msgs/_hope_msgs_s.ep.rosidl_typesupport_fastrtps_c.c.o
.f..t.... build/hope_msgs/CMakeFiles/hope_msgs_s__rosidl_typesupport_fastrtps_c.dir/rosidl_generator_py/hope_msgs/_hope_msgs_s.ep.rosidl_typesupport_fastrtps_c.c.o.d
.d..t.... build/hope_msgs/CMakeFiles/hope_msgs_s__rosidl_typesupport_introspection_c.dir/
.f..t.... build/hope_msgs/CMakeFiles/hope_msgs_s__rosidl_typesupport_introspection_c.dir/cmake_clean.cmake
.f..t.... build/hope_msgs/CMakeFiles/hope_msgs_s__rosidl_typesupport_introspection_c.dir/compiler_depend.internal
.f..t.... build/hope_msgs/CMakeFiles/hope_msgs_s__rosidl_typesupport_introspection_c.dir/compiler_depend.make
.f..t.... build/hope_msgs/CMakeFiles/hope_msgs_s__rosidl_typesupport_introspection_c.dir/depend.make
.f..t.... build/hope_msgs/CMakeFiles/hope_msgs_s__rosidl_typesupport_introspection_c.dir/progress.make
.d..t.... build/hope_msgs/CMakeFiles/hope_msgs_s__rosidl_typesupport_introspection_c.dir/rosidl_generator_py/hope_msgs/
.f..t.... build/hope_msgs/CMakeFiles/hope_msgs_s__rosidl_typesupport_introspection_c.dir/rosidl_generator_py/hope_msgs/_hope_msgs_s.ep.rosidl_typesupport_introspection_c.c.o
.f..t.... build/hope_msgs/CMakeFiles/hope_msgs_s__rosidl_typesupport_introspection_c.dir/rosidl_generator_py/hope_msgs/_hope_msgs_s.ep.rosidl_typesupport_introspection_c.c.o.d
.d..t.... build/hope_msgs/CMakeFiles/hope_msgs_uninstall.dir/
.f..t.... build/hope_msgs/CMakeFiles/hope_msgs_uninstall.dir/cmake_clean.cmake
.f..t.... build/hope_msgs/CMakeFiles/hope_msgs_uninstall.dir/progress.make
.d..t.... build/hope_msgs/CMakeFiles/pkgRedirects/
.d..t.... build/hope_msgs/CMakeFiles/uninstall.dir/
.f..t.... build/hope_msgs/CMakeFiles/uninstall.dir/cmake_clean.cmake
.f..t.... build/hope_msgs/CMakeFiles/uninstall.dir/progress.make
.d..t.... build/hope_msgs/ament_cmake_core/
.f..t.... build/hope_msgs/ament_cmake_core/package.cmake
.d..t.... build/hope_msgs/ament_cmake_core/stamps/
<fcst.... build/hope_msgs/ament_cmake_core/stamps/RacketCommand.msg.stamp
.d..t.... build/hope_msgs/ament_cmake_environment_hooks/
.d..t.... build/hope_msgs/ament_cmake_export_dependencies/
.d..t.... build/hope_msgs/ament_cmake_export_include_directories/
.d..t.... build/hope_msgs/ament_cmake_export_libraries/
.d..t.... build/hope_msgs/ament_cmake_export_targets/
.d..t.... build/hope_msgs/ament_cmake_index/share/ament_index/resource_index/package_run_dependencies/
.d..t.... build/hope_msgs/ament_cmake_index/share/ament_index/resource_index/packages/
.d..t.... build/hope_msgs/ament_cmake_index/share/ament_index/resource_index/parent_prefix_path/
<fcst.... build/hope_msgs/ament_cmake_index/share/ament_index/resource_index/parent_prefix_path/hope_msgs
.d..t.... build/hope_msgs/ament_cmake_index/share/ament_index/resource_index/rosidl_interfaces/
.f..t.... build/hope_msgs/ament_cmake_package_templates/templates.cmake
.d..t.... build/hope_msgs/ament_cmake_python/hope_msgs/
.L..T.... build/hope_msgs/ament_cmake_python/hope_msgs/hope_msgs -> /agibot/hope_726_ws/build/hope_msgs/rosidl_generator_py/hope_msgs
.d..t.... build/hope_msgs/ament_cmake_python/hope_msgs/hope_msgs.egg-info/
.f..t.... build/hope_msgs/ament_cmake_python/hope_msgs/hope_msgs.egg-info/PKG-INFO
.f..t.... build/hope_msgs/ament_cmake_python/hope_msgs/hope_msgs.egg-info/SOURCES.txt
.f..t.... build/hope_msgs/ament_cmake_python/hope_msgs/hope_msgs.egg-info/dependency_links.txt
.f..t.... build/hope_msgs/ament_cmake_python/hope_msgs/hope_msgs.egg-info/top_level.txt
.d..t.... build/hope_msgs/ament_cmake_symlink_install/
.f..t.... build/hope_msgs/ament_cmake_symlink_install/ament_cmake_symlink_install.cmake
.d..t.... build/hope_msgs/ament_cmake_uninstall_target/
.f..t.... build/hope_msgs/ament_cmake_uninstall_target/ament_cmake_uninstall_target.cmake
.d..t.... build/hope_msgs/hope_msgs__py/
.f..t.... build/hope_msgs/hope_msgs__py/CMakeLists.txt
.d..t.... build/hope_msgs/hope_msgs__py/CMakeFiles/
.f..t.... build/hope_msgs/hope_msgs__py/CMakeFiles/progress.marks
.d..t.... build/hope_msgs/hope_msgs__py/CMakeFiles/hope_msgs__py.dir/
.f..t.... build/hope_msgs/hope_msgs__py/CMakeFiles/hope_msgs__py.dir/cmake_clean.cmake
.f..t.... build/hope_msgs/hope_msgs__py/CMakeFiles/hope_msgs__py.dir/progress.make
.f..t.... build/hope_msgs/rosidl_adapter/hope_msgs.idls
<fcst.... build/hope_msgs/rosidl_adapter/hope_msgs/msg/RacketCommand.idl
.d..t.... build/hope_msgs/rosidl_cmake/
.d..t.... build/hope_msgs/rosidl_generator_c/hope_msgs/msg/
.f..t.... build/hope_msgs/rosidl_generator_c/hope_msgs/msg/racket_command.h
<fcst.... build/hope_msgs/rosidl_generator_c/hope_msgs/msg/detail/racket_command__description.c
<fcst.... build/hope_msgs/rosidl_generator_c/hope_msgs/msg/detail/racket_command__functions.c
.f..t.... build/hope_msgs/rosidl_generator_c/hope_msgs/msg/detail/racket_command__functions.h
<fcst.... build/hope_msgs/rosidl_generator_c/hope_msgs/msg/detail/racket_command__struct.h
<fc.t.... build/hope_msgs/rosidl_generator_c/hope_msgs/msg/detail/racket_command__type_support.c
.f..t.... build/hope_msgs/rosidl_generator_c/hope_msgs/msg/detail/racket_command__type_support.h
.d..t.... build/hope_msgs/rosidl_generator_cpp/hope_msgs/msg/
.f..t.... build/hope_msgs/rosidl_generator_cpp/hope_msgs/msg/racket_command.hpp
.f..t.... build/hope_msgs/rosidl_generator_cpp/hope_msgs/msg/rosidl_generator_cpp__visibility_control.hpp
<fcst.... build/hope_msgs/rosidl_generator_cpp/hope_msgs/msg/detail/racket_command__builder.hpp
<fcst.... build/hope_msgs/rosidl_generator_cpp/hope_msgs/msg/detail/racket_command__struct.hpp
<fcst.... build/hope_msgs/rosidl_generator_cpp/hope_msgs/msg/detail/racket_command__traits.hpp
.f..t.... build/hope_msgs/rosidl_generator_cpp/hope_msgs/msg/detail/racket_command__type_support.hpp
.d..t.... build/hope_msgs/rosidl_generator_py/hope_msgs/
.f..t.... build/hope_msgs/rosidl_generator_py/hope_msgs/__init__.py
.f..t.... build/hope_msgs/rosidl_generator_py/hope_msgs/_hope_msgs_s.ep.rosidl_typesupport_c.c
.f..t.... build/hope_msgs/rosidl_generator_py/hope_msgs/_hope_msgs_s.ep.rosidl_typesupport_fastrtps_c.c
.f..t.... build/hope_msgs/rosidl_generator_py/hope_msgs/_hope_msgs_s.ep.rosidl_typesupport_introspection_c.c
.f..t.... build/hope_msgs/rosidl_generator_py/hope_msgs/hope_msgs_s__rosidl_typesupport_c.so
.f..t.... build/hope_msgs/rosidl_generator_py/hope_msgs/hope_msgs_s__rosidl_typesupport_fastrtps_c.so
.f..t.... build/hope_msgs/rosidl_generator_py/hope_msgs/hope_msgs_s__rosidl_typesupport_introspection_c.so
.f..t.... build/hope_msgs/rosidl_generator_py/hope_msgs/msg/__init__.py
<fcst.... build/hope_msgs/rosidl_generator_py/hope_msgs/msg/_racket_command.py
<fcst.... build/hope_msgs/rosidl_generator_py/hope_msgs/msg/_racket_command_s.c
<fcst.... build/hope_msgs/rosidl_generator_type_description/hope_msgs/msg/RacketCommand.json
.f..t.... build/hope_msgs/rosidl_typesupport_c/hope_msgs/msg/racket_command__type_support.cpp
.f..t.... build/hope_msgs/rosidl_typesupport_cpp/hope_msgs/msg/racket_command__type_support.cpp
.d..t.... build/hope_msgs/rosidl_typesupport_fastrtps_c/hope_msgs/msg/
.f..t.... build/hope_msgs/rosidl_typesupport_fastrtps_c/hope_msgs/msg/detail/racket_command__rosidl_typesupport_fastrtps_c.h
<fcst.... build/hope_msgs/rosidl_typesupport_fastrtps_c/hope_msgs/msg/detail/racket_command__type_support_c.cpp
.d..t.... build/hope_msgs/rosidl_typesupport_fastrtps_cpp/hope_msgs/msg/
.f..t.... build/hope_msgs/rosidl_typesupport_fastrtps_cpp/hope_msgs/msg/detail/racket_command__rosidl_typesupport_fastrtps_cpp.hpp
<fcst.... build/hope_msgs/rosidl_typesupport_fastrtps_cpp/hope_msgs/msg/detail/dds_fastrtps/racket_command__type_support.cpp
.d..t.... build/hope_msgs/rosidl_typesupport_introspection_c/hope_msgs/msg/
.f..t.... build/hope_msgs/rosidl_typesupport_introspection_c/hope_msgs/msg/detail/racket_command__rosidl_typesupport_introspection_c.h
<fcst.... build/hope_msgs/rosidl_typesupport_introspection_c/hope_msgs/msg/detail/racket_command__type_support.c
.f..t.... build/hope_msgs/rosidl_typesupport_introspection_cpp/hope_msgs/msg/detail/racket_command__rosidl_typesupport_introspection_cpp.hpp
<fcst.... build/hope_msgs/rosidl_typesupport_introspection_cpp/hope_msgs/msg/detail/racket_command__type_support.cpp
.f..t.... install/_local_setup_util_ps1.py
.f..t.... install/_local_setup_util_sh.py
.f..t.... install/local_setup.bash
.f..t.... install/local_setup.ps1
.f..t.... install/local_setup.sh
.f..t.... install/local_setup.zsh
.f..t.... install/setup.bash
.f..t.... install/setup.ps1
.f..t.... install/setup.sh
.f..t.... install/setup.zsh
.d..t.... install/hope_bringup/lib/hope_bringup/
<f+++++++ install/hope_bringup/lib/hope_bringup/optitrack_table_side_canonicalizer
<f+++++++ install/hope_bringup/lib/hope_bringup/table_side_transform.py
.f..t.... install/hope_bringup/share/colcon-core/packages/hope_bringup
.d..t.... install/hope_bringup/share/hope_bringup/
.f..t.... install/hope_bringup/share/hope_bringup/package.bash
.f..t.... install/hope_bringup/share/hope_bringup/package.dsv
.f..t.... install/hope_bringup/share/hope_bringup/package.ps1
.f..t.... install/hope_bringup/share/hope_bringup/package.sh
.f..t.... install/hope_bringup/share/hope_bringup/package.zsh
.f..t.... install/hope_bringup/share/hope_bringup/hook/cmake_prefix_path.dsv
.f..t.... install/hope_bringup/share/hope_bringup/hook/cmake_prefix_path.ps1
.f..t.... install/hope_bringup/share/hope_bringup/hook/cmake_prefix_path.sh
.d..t.... install/hope_bringup/share/hope_bringup/launch/
.d..t.... install/hope_msgs/lib/
<fcst.... install/hope_msgs/lib/libhope_msgs__rosidl_generator_c.so
<fcst.... install/hope_msgs/lib/libhope_msgs__rosidl_generator_py.so
.f..t.... install/hope_msgs/lib/libhope_msgs__rosidl_typesupport_c.so
.f..t.... install/hope_msgs/lib/libhope_msgs__rosidl_typesupport_cpp.so
<fcst.... install/hope_msgs/lib/libhope_msgs__rosidl_typesupport_fastrtps_c.so
<fcst.... install/hope_msgs/lib/libhope_msgs__rosidl_typesupport_fastrtps_cpp.so
<fcst.... install/hope_msgs/lib/libhope_msgs__rosidl_typesupport_introspection_c.so
<fcst.... install/hope_msgs/lib/libhope_msgs__rosidl_typesupport_introspection_cpp.so
.d..t.... install/hope_msgs/lib/python3.11/site-packages/hope_msgs/
.d..t.... install/hope_msgs/lib/python3.11/site-packages/hope_msgs/msg/
.f..t.... install/hope_msgs/share/colcon-core/packages/hope_msgs
.d..t.... install/hope_msgs/share/hope_msgs/
.f..t.... install/hope_msgs/share/hope_msgs/package.bash
.f..t.... install/hope_msgs/share/hope_msgs/package.dsv
.f..t.... install/hope_msgs/share/hope_msgs/package.ps1
.f..t.... install/hope_msgs/share/hope_msgs/package.sh
.f..t.... install/hope_msgs/share/hope_msgs/package.zsh
.f..t.... install/hope_msgs/share/hope_msgs/hook/cmake_prefix_path.dsv
.f..t.... install/hope_msgs/share/hope_msgs/hook/cmake_prefix_path.ps1
.f..t.... install/hope_msgs/share/hope_msgs/hook/cmake_prefix_path.sh
.f..t.... install/hope_msgs/share/hope_msgs/hook/ld_library_path_lib.dsv
.f..t.... install/hope_msgs/share/hope_msgs/hook/ld_library_path_lib.ps1
.f..t.... install/hope_msgs/share/hope_msgs/hook/ld_library_path_lib.sh
.f..t.... install/hope_msgs/share/hope_msgs/hook/pythonpath.dsv
.f..t.... install/hope_msgs/share/hope_msgs/hook/pythonpath.ps1
.f..t.... install/hope_msgs/share/hope_msgs/hook/pythonpath.sh
.d..t.... install/motion_capture_tracking_interfaces/lib/python3.11/site-packages/motion_capture_tracking_interfaces/
.d..t.... install/motion_capture_tracking_interfaces/lib/python3.11/site-packages/motion_capture_tracking_interfaces/msg/
.d..t.... src/hope_bringup/
<fcst.... src/hope_bringup/CMakeLists.txt
.d..t.... src/hope_bringup/launch/
<fcst.... src/hope_bringup/launch/optitrack_hope_bridge.launch.py
.d..t.... src/hope_bringup/scripts/
<f+++++++ src/hope_bringup/scripts/optitrack_table_side_canonicalizer
<f+++++++ src/hope_bringup/scripts/table_side_transform.py
.d..t.... src/hope_bringup/test/
<f+++++++ src/hope_bringup/test/test_table_side_transform.py
.d..t.... src/hope_msgs/msg/
<fcst.... src/hope_msgs/msg/RacketCommand.msg
<f+++++++ src/hope_msgs/msg/RacketCommand.msg.before_v14_20260814_183019
<f+++++++ src/hope_msgs/msg/RacketCommand.msg.before_v15_20260814_214657
.d..t.... ./
<fcst.... A3control_moveAndfaqiu.py
created directory /agibot/a3control_moveAndfaqiu_2
cd+++++++ ./
<f+++++++ A3control_moveAndfaqiu.py
<f+++++++ README.md
<f+++++++ generate_conservative_serve.py
<f+++++++ test_conservative_serve.py
cd+++++++ trajectories/
cd+++++++ trajectories/conservative_return_to_stand/
<f+++++++ trajectories/conservative_return_to_stand/SHA256SUMS
<f+++++++ trajectories/conservative_return_to_stand/key_0_6.5x.csv
<f+++++++ trajectories/conservative_return_to_stand/key_3_1x.csv
<f+++++++ trajectories/conservative_return_to_stand/key_4_2x.csv
<f+++++++ trajectories/conservative_return_to_stand/key_5_3x.csv
<f+++++++ trajectories/conservative_return_to_stand/key_6_4x.csv
<f+++++++ trajectories/conservative_return_to_stand/key_7_5x.csv
<f+++++++ trajectories/conservative_return_to_stand/key_8_5.5x.csv
<f+++++++ trajectories/conservative_return_to_stand/key_9_6x.csv
<f+++++++ trajectories/conservative_return_to_stand/manifest.json
cd+++++++ trajectories/conservative_staggered_serve/
<f+++++++ trajectories/conservative_staggered_serve/SHA256SUMS
<f+++++++ trajectories/conservative_staggered_serve/manifest.json
<f+++++++ trajectories/conservative_staggered_serve/speed_0_8x_delay_0_2200ms.csv
<f+++++++ trajectories/conservative_staggered_serve/speed_0_8x_delay_1_1300ms.csv
<f+++++++ trajectories/conservative_staggered_serve/speed_0_8x_delay_2_1400ms.csv
<f+++++++ trajectories/conservative_staggered_serve/speed_0_8x_delay_3_1500ms.csv
<f+++++++ trajectories/conservative_staggered_serve/speed_0_8x_delay_4_1600ms.csv
<f+++++++ trajectories/conservative_staggered_serve/speed_0_8x_delay_5_1700ms.csv
<f+++++++ trajectories/conservative_staggered_serve/speed_0_8x_delay_6_1800ms.csv
<f+++++++ trajectories/conservative_staggered_serve/speed_0_8x_delay_7_1900ms.csv
<f+++++++ trajectories/conservative_staggered_serve/speed_0_8x_delay_8_2000ms.csv
<f+++++++ trajectories/conservative_staggered_serve/speed_0_8x_delay_9_2100ms.csv
<f+++++++ trajectories/conservative_staggered_serve/speed_1_1x_delay_0_2200ms.csv
<f+++++++ trajectories/conservative_staggered_serve/speed_1_1x_delay_1_1300ms.csv
<f+++++++ trajectories/conservative_staggered_serve/speed_1_1x_delay_2_1400ms.csv
<f+++++++ trajectories/conservative_staggered_serve/speed_1_1x_delay_3_1500ms.csv
<f+++++++ trajectories/conservative_staggered_serve/speed_1_1x_delay_4_1600ms.csv
<f+++++++ trajectories/conservative_staggered_serve/speed_1_1x_delay_5_1700ms.csv
<f+++++++ trajectories/conservative_staggered_serve/speed_1_1x_delay_6_1800ms.csv
<f+++++++ trajectories/conservative_staggered_serve/speed_1_1x_delay_7_1900ms.csv
<f+++++++ trajectories/conservative_staggered_serve/speed_1_1x_delay_8_2000ms.csv
<f+++++++ trajectories/conservative_staggered_serve/speed_1_1x_delay_9_2100ms.csv
<f+++++++ trajectories/conservative_staggered_serve/speed_2_2x_delay_0_2200ms.csv
<f+++++++ trajectories/conservative_staggered_serve/speed_2_2x_delay_1_1300ms.csv
<f+++++++ trajectories/conservative_staggered_serve/speed_2_2x_delay_2_1400ms.csv
<f+++++++ trajectories/conservative_staggered_serve/speed_2_2x_delay_3_1500ms.csv
<f+++++++ trajectories/conservative_staggered_serve/speed_2_2x_delay_4_1600ms.csv
<f+++++++ trajectories/conservative_staggered_serve/speed_2_2x_delay_5_1700ms.csv
<f+++++++ trajectories/conservative_staggered_serve/speed_2_2x_delay_6_1800ms.csv
<f+++++++ trajectories/conservative_staggered_serve/speed_2_2x_delay_7_1900ms.csv
<f+++++++ trajectories/conservative_staggered_serve/speed_2_2x_delay_8_2000ms.csv
<f+++++++ trajectories/conservative_staggered_serve/speed_2_2x_delay_9_2100ms.csv
<f+++++++ trajectories/conservative_staggered_serve/speed_3_3x_delay_0_2200ms.csv
<f+++++++ trajectories/conservative_staggered_serve/speed_3_3x_delay_1_1300ms.csv
<f+++++++ trajectories/conservative_staggered_serve/speed_3_3x_delay_2_1400ms.csv
<f+++++++ trajectories/conservative_staggered_serve/speed_3_3x_delay_3_1500ms.csv
<f+++++++ trajectories/conservative_staggered_serve/speed_3_3x_delay_4_1600ms.csv
<f+++++++ trajectories/conservative_staggered_serve/speed_3_3x_delay_5_1700ms.csv
<f+++++++ trajectories/conservative_staggered_serve/speed_3_3x_delay_6_1800ms.csv
<f+++++++ trajectories/conservative_staggered_serve/speed_3_3x_delay_7_1900ms.csv
<f+++++++ trajectories/conservative_staggered_serve/speed_3_3x_delay_8_2000ms.csv
<f+++++++ trajectories/conservative_staggered_serve/speed_3_3x_delay_9_2100ms.csv
<f+++++++ trajectories/conservative_staggered_serve/speed_4_4x_delay_0_2200ms.csv
<f+++++++ trajectories/conservative_staggered_serve/speed_4_4x_delay_1_1300ms.csv
<f+++++++ trajectories/conservative_staggered_serve/speed_4_4x_delay_2_1400ms.csv
<f+++++++ trajectories/conservative_staggered_serve/speed_4_4x_delay_3_1500ms.csv
<f+++++++ trajectories/conservative_staggered_serve/speed_4_4x_delay_4_1600ms.csv
<f+++++++ trajectories/conservative_staggered_serve/speed_4_4x_delay_5_1700ms.csv
<f+++++++ trajectories/conservative_staggered_serve/speed_4_4x_delay_6_1800ms.csv
<f+++++++ trajectories/conservative_staggered_serve/speed_4_4x_delay_7_1900ms.csv
<f+++++++ trajectories/conservative_staggered_serve/speed_4_4x_delay_8_2000ms.csv
<f+++++++ trajectories/conservative_staggered_serve/speed_4_4x_delay_9_2100ms.csv
<f+++++++ trajectories/conservative_staggered_serve/speed_5_5x_delay_0_2200ms.csv
<f+++++++ trajectories/conservative_staggered_serve/speed_5_5x_delay_1_1300ms.csv
<f+++++++ trajectories/conservative_staggered_serve/speed_5_5x_delay_2_1400ms.csv
<f+++++++ trajectories/conservative_staggered_serve/speed_5_5x_delay_3_1500ms.csv
<f+++++++ trajectories/conservative_staggered_serve/speed_5_5x_delay_4_1600ms.csv
<f+++++++ trajectories/conservative_staggered_serve/speed_5_5x_delay_5_1700ms.csv
<f+++++++ trajectories/conservative_staggered_serve/speed_5_5x_delay_6_1800ms.csv
<f+++++++ trajectories/conservative_staggered_serve/speed_5_5x_delay_7_1900ms.csv
<f+++++++ trajectories/conservative_staggered_serve/speed_5_5x_delay_8_2000ms.csv
<f+++++++ trajectories/conservative_staggered_serve/speed_5_5x_delay_9_2100ms.csv
<f+++++++ trajectories/conservative_staggered_serve/speed_6_6x_delay_0_2200ms.csv
<f+++++++ trajectories/conservative_staggered_serve/speed_6_6x_delay_1_1300ms.csv
<f+++++++ trajectories/conservative_staggered_serve/speed_6_6x_delay_2_1400ms.csv
<f+++++++ trajectories/conservative_staggered_serve/speed_6_6x_delay_3_1500ms.csv
<f+++++++ trajectories/conservative_staggered_serve/speed_6_6x_delay_4_1600ms.csv
<f+++++++ trajectories/conservative_staggered_serve/speed_6_6x_delay_5_1700ms.csv
<f+++++++ trajectories/conservative_staggered_serve/speed_6_6x_delay_6_1800ms.csv
<f+++++++ trajectories/conservative_staggered_serve/speed_6_6x_delay_7_1900ms.csv
<f+++++++ trajectories/conservative_staggered_serve/speed_6_6x_delay_8_2000ms.csv
<f+++++++ trajectories/conservative_staggered_serve/speed_6_6x_delay_9_2100ms.csv
<f+++++++ trajectories/conservative_staggered_serve/speed_7_6.5x_delay_0_2200ms.csv
<f+++++++ trajectories/conservative_staggered_serve/speed_7_6.5x_delay_1_1300ms.csv
<f+++++++ trajectories/conservative_staggered_serve/speed_7_6.5x_delay_2_1400ms.csv
<f+++++++ trajectories/conservative_staggered_serve/speed_7_6.5x_delay_3_1500ms.csv
<f+++++++ trajectories/conservative_staggered_serve/speed_7_6.5x_delay_4_1600ms.csv
<f+++++++ trajectories/conservative_staggered_serve/speed_7_6.5x_delay_5_1700ms.csv
<f+++++++ trajectories/conservative_staggered_serve/speed_7_6.5x_delay_6_1800ms.csv
<f+++++++ trajectories/conservative_staggered_serve/speed_7_6.5x_delay_7_1900ms.csv
<f+++++++ trajectories/conservative_staggered_serve/speed_7_6.5x_delay_8_2000ms.csv
<f+++++++ trajectories/conservative_staggered_serve/speed_7_6.5x_delay_9_2100ms.csv
<f+++++++ trajectories/conservative_staggered_serve/speed_8_7x_delay_0_2200ms.csv
<f+++++++ trajectories/conservative_staggered_serve/speed_8_7x_delay_1_1300ms.csv
<f+++++++ trajectories/conservative_staggered_serve/speed_8_7x_delay_2_1400ms.csv
<f+++++++ trajectories/conservative_staggered_serve/speed_8_7x_delay_3_1500ms.csv
<f+++++++ trajectories/conservative_staggered_serve/speed_8_7x_delay_4_1600ms.csv
<f+++++++ trajectories/conservative_staggered_serve/speed_8_7x_delay_5_1700ms.csv
<f+++++++ trajectories/conservative_staggered_serve/speed_8_7x_delay_6_1800ms.csv
<f+++++++ trajectories/conservative_staggered_serve/speed_8_7x_delay_7_1900ms.csv
<f+++++++ trajectories/conservative_staggered_serve/speed_8_7x_delay_8_2000ms.csv
<f+++++++ trajectories/conservative_staggered_serve/speed_8_7x_delay_9_2100ms.csv
<f+++++++ trajectories/conservative_staggered_serve/speed_9_7.5x_delay_0_2200ms.csv
<f+++++++ trajectories/conservative_staggered_serve/speed_9_7.5x_delay_1_1300ms.csv
<f+++++++ trajectories/conservative_staggered_serve/speed_9_7.5x_delay_2_1400ms.csv
<f+++++++ trajectories/conservative_staggered_serve/speed_9_7.5x_delay_3_1500ms.csv
<f+++++++ trajectories/conservative_staggered_serve/speed_9_7.5x_delay_4_1600ms.csv
<f+++++++ trajectories/conservative_staggered_serve/speed_9_7.5x_delay_5_1700ms.csv
<f+++++++ trajectories/conservative_staggered_serve/speed_9_7.5x_delay_6_1800ms.csv
<f+++++++ trajectories/conservative_staggered_serve/speed_9_7.5x_delay_7_1900ms.csv
<f+++++++ trajectories/conservative_staggered_serve/speed_9_7.5x_delay_8_2000ms.csv
<f+++++++ trajectories/conservative_staggered_serve/speed_9_7.5x_delay_9_2100ms.csv
created directory /agibot/a3control_moveAndfaqiu_3
cd+++++++ ./
<f+++++++ A3control_moveAndfaqiu.py
<f+++++++ A3control_moveAndfaqiu.sh
<f+++++++ A3control_moveAndfaqiu_3.sh
<f+++++++ README.md
<f+++++++ faqiuS_2_xl6.sh
<f+++++++ generate_fast_staggered_serve.py
<f+++++++ run_live_record_xl6_118.sh
<f+++++++ run_live_record_xl6_handoff.sh
<f+++++++ run_live_xl6_118.sh
<f+++++++ run_live_xl6_handoff.sh
<f+++++++ test_fast_serve_v3.py
<f+++++++ test_staggered_serve.py
cd+++++++ trajectories/
cd+++++++ trajectories/2_to_t/
<f+++++++ trajectories/2_to_t/SHA256SUMS
<f+++++++ trajectories/2_to_t/key_0_4.5x.csv
<f+++++++ trajectories/2_to_t/key_1_1x.csv
<f+++++++ trajectories/2_to_t/key_2_1.2x.csv
<f+++++++ trajectories/2_to_t/key_3_1.5x.csv
<f+++++++ trajectories/2_to_t/key_4_1.8x.csv
<f+++++++ trajectories/2_to_t/key_5_2x.csv
<f+++++++ trajectories/2_to_t/key_6_2.5x.csv
<f+++++++ trajectories/2_to_t/key_7_3x.csv
<f+++++++ trajectories/2_to_t/key_8_3.5x.csv
<f+++++++ trajectories/2_to_t/key_9_4x.csv
<f+++++++ trajectories/2_to_t/manifest.json
cd+++++++ trajectories/fast_staggered_serve/
<f+++++++ trajectories/fast_staggered_serve/SHA256SUMS
<f+++++++ trajectories/fast_staggered_serve/manifest.json
<f+++++++ trajectories/fast_staggered_serve/speed_3_1x_delay_0_1400ms.csv
<f+++++++ trajectories/fast_staggered_serve/speed_3_1x_delay_1_950ms.csv
<f+++++++ trajectories/fast_staggered_serve/speed_3_1x_delay_2_1000ms.csv
<f+++++++ trajectories/fast_staggered_serve/speed_3_1x_delay_3_1050ms.csv
<f+++++++ trajectories/fast_staggered_serve/speed_3_1x_delay_4_1100ms.csv
<f+++++++ trajectories/fast_staggered_serve/speed_3_1x_delay_5_1150ms.csv
<f+++++++ trajectories/fast_staggered_serve/speed_3_1x_delay_6_1200ms.csv
<f+++++++ trajectories/fast_staggered_serve/speed_3_1x_delay_7_1250ms.csv
<f+++++++ trajectories/fast_staggered_serve/speed_3_1x_delay_8_1300ms.csv
<f+++++++ trajectories/fast_staggered_serve/speed_3_1x_delay_9_1350ms.csv
<f+++++++ trajectories/fast_staggered_serve/speed_4_1.25x_delay_0_1400ms.csv
<f+++++++ trajectories/fast_staggered_serve/speed_4_1.25x_delay_1_950ms.csv
<f+++++++ trajectories/fast_staggered_serve/speed_4_1.25x_delay_2_1000ms.csv
<f+++++++ trajectories/fast_staggered_serve/speed_4_1.25x_delay_3_1050ms.csv
<f+++++++ trajectories/fast_staggered_serve/speed_4_1.25x_delay_4_1100ms.csv
<f+++++++ trajectories/fast_staggered_serve/speed_4_1.25x_delay_5_1150ms.csv
<f+++++++ trajectories/fast_staggered_serve/speed_4_1.25x_delay_6_1200ms.csv
<f+++++++ trajectories/fast_staggered_serve/speed_4_1.25x_delay_7_1250ms.csv
<f+++++++ trajectories/fast_staggered_serve/speed_4_1.25x_delay_8_1300ms.csv
<f+++++++ trajectories/fast_staggered_serve/speed_4_1.25x_delay_9_1350ms.csv
<f+++++++ trajectories/fast_staggered_serve/speed_5_1.5x_delay_0_1400ms.csv
<f+++++++ trajectories/fast_staggered_serve/speed_5_1.5x_delay_1_950ms.csv
<f+++++++ trajectories/fast_staggered_serve/speed_5_1.5x_delay_2_1000ms.csv
<f+++++++ trajectories/fast_staggered_serve/speed_5_1.5x_delay_3_1050ms.csv
<f+++++++ trajectories/fast_staggered_serve/speed_5_1.5x_delay_4_1100ms.csv
<f+++++++ trajectories/fast_staggered_serve/speed_5_1.5x_delay_5_1150ms.csv
<f+++++++ trajectories/fast_staggered_serve/speed_5_1.5x_delay_6_1200ms.csv
<f+++++++ trajectories/fast_staggered_serve/speed_5_1.5x_delay_7_1250ms.csv
<f+++++++ trajectories/fast_staggered_serve/speed_5_1.5x_delay_8_1300ms.csv
<f+++++++ trajectories/fast_staggered_serve/speed_5_1.5x_delay_9_1350ms.csv
<f+++++++ trajectories/fast_staggered_serve/speed_6_1.75x_delay_0_1400ms.csv
<f+++++++ trajectories/fast_staggered_serve/speed_6_1.75x_delay_1_950ms.csv
<f+++++++ trajectories/fast_staggered_serve/speed_6_1.75x_delay_2_1000ms.csv
<f+++++++ trajectories/fast_staggered_serve/speed_6_1.75x_delay_3_1050ms.csv
<f+++++++ trajectories/fast_staggered_serve/speed_6_1.75x_delay_4_1100ms.csv
<f+++++++ trajectories/fast_staggered_serve/speed_6_1.75x_delay_5_1150ms.csv
<f+++++++ trajectories/fast_staggered_serve/speed_6_1.75x_delay_6_1200ms.csv
<f+++++++ trajectories/fast_staggered_serve/speed_6_1.75x_delay_7_1250ms.csv
<f+++++++ trajectories/fast_staggered_serve/speed_6_1.75x_delay_8_1300ms.csv
<f+++++++ trajectories/fast_staggered_serve/speed_6_1.75x_delay_9_1350ms.csv
<f+++++++ trajectories/fast_staggered_serve/speed_7_2x_delay_0_1400ms.csv
<f+++++++ trajectories/fast_staggered_serve/speed_7_2x_delay_1_950ms.csv
<f+++++++ trajectories/fast_staggered_serve/speed_7_2x_delay_2_1000ms.csv
<f+++++++ trajectories/fast_staggered_serve/speed_7_2x_delay_3_1050ms.csv
<f+++++++ trajectories/fast_staggered_serve/speed_7_2x_delay_4_1100ms.csv
<f+++++++ trajectories/fast_staggered_serve/speed_7_2x_delay_5_1150ms.csv
<f+++++++ trajectories/fast_staggered_serve/speed_7_2x_delay_6_1200ms.csv
<f+++++++ trajectories/fast_staggered_serve/speed_7_2x_delay_7_1250ms.csv
<f+++++++ trajectories/fast_staggered_serve/speed_7_2x_delay_8_1300ms.csv
<f+++++++ trajectories/fast_staggered_serve/speed_7_2x_delay_9_1350ms.csv
<f+++++++ trajectories/fast_staggered_serve/speed_8_2.5x_delay_0_1400ms.csv
<f+++++++ trajectories/fast_staggered_serve/speed_8_2.5x_delay_1_950ms.csv
<f+++++++ trajectories/fast_staggered_serve/speed_8_2.5x_delay_2_1000ms.csv
<f+++++++ trajectories/fast_staggered_serve/speed_8_2.5x_delay_3_1050ms.csv
<f+++++++ trajectories/fast_staggered_serve/speed_8_2.5x_delay_4_1100ms.csv
<f+++++++ trajectories/fast_staggered_serve/speed_8_2.5x_delay_5_1150ms.csv
<f+++++++ trajectories/fast_staggered_serve/speed_8_2.5x_delay_6_1200ms.csv
<f+++++++ trajectories/fast_staggered_serve/speed_8_2.5x_delay_7_1250ms.csv
<f+++++++ trajectories/fast_staggered_serve/speed_8_2.5x_delay_8_1300ms.csv
<f+++++++ trajectories/fast_staggered_serve/speed_8_2.5x_delay_9_1350ms.csv
<f+++++++ trajectories/fast_staggered_serve/speed_9_3x_delay_0_1400ms.csv
<f+++++++ trajectories/fast_staggered_serve/speed_9_3x_delay_1_950ms.csv
<f+++++++ trajectories/fast_staggered_serve/speed_9_3x_delay_2_1000ms.csv
<f+++++++ trajectories/fast_staggered_serve/speed_9_3x_delay_3_1050ms.csv
<f+++++++ trajectories/fast_staggered_serve/speed_9_3x_delay_4_1100ms.csv
<f+++++++ trajectories/fast_staggered_serve/speed_9_3x_delay_5_1150ms.csv
<f+++++++ trajectories/fast_staggered_serve/speed_9_3x_delay_6_1200ms.csv
<f+++++++ trajectories/fast_staggered_serve/speed_9_3x_delay_7_1250ms.csv
<f+++++++ trajectories/fast_staggered_serve/speed_9_3x_delay_8_1300ms.csv
<f+++++++ trajectories/fast_staggered_serve/speed_9_3x_delay_9_1350ms.csv
.d..t.... ./
<fcst.... run_live_record.sh
<fcst.... run_live_record_xh1onnx.sh
<fcst.... run_live_record_xh2onnx.sh
<fcst.... run_live_record_xhonnx.sh
<fcst.... run_live_record_zy2onnx.sh
<fcst.... run_live_record_zyonnx.sh
.d..t.... scripts/
<fcst.... scripts/record_mode_coordinator.py
.d..t.... ./
<fcst.... README.md
<f+++++++ README.md.before_recording_autodiscovery_20260815_203414
<fcst.... comment_online_3portrecord.sh
<fcst.... record_comment_mdu_joints.sh
<fcst.... run_live_record.sh
.d..t.... scripts/
<fcst.... scripts/record_mode_coordinator.py
.d..t.... ./
<fcst.... run_live_record.sh
<fcst.... run_live_record_wst2onnx.sh
<fcst.... run_live_record_wst3onnx.sh
<fcst.... run_live_record_wst3v1onnx.sh
<fcst.... run_live_record_wstbalanceonnx.sh
.d..t.... scripts/
<fcst.... scripts/record_mode_coordinator.py
.d..t.... ./
<f+++++++ DEPLOYMENT_PROTECTED_XL118_1_ZH.md
<f+++++++ PROTECTED_VELOCITY_GUARD_SHA256.txt
<fcst.... run_live_record_xl118_1.sh
<f+++++++ run_live_record_xl118_1.sh.before_allow_disabled_safety_20260815_164757_607564326
.d..t.... bin/
<fc.t.... bin/hope_pingpong_body_drive_return118
cd+++++++ cfg/
cd+++++++ cfg/tmp/
.d..t.... config/
<fcst.... config/hope_pingpong_body_drive_xl118_1.yaml
<f+++++++ config/hope_pingpong_body_drive_xl118_1.yaml.before_disable_speed_guard_20260815_163446_858486105
cd+++++++ protected_runtime_source/
<f+++++++ protected_runtime_source/hope_pingpong_body_drive.cpp
<f+++++++ protected_runtime_source/hope_pingpong_policy.cpp
<f+++++++ protected_runtime_source/hope_pingpong_policy.hpp
.d..t.... scripts/
<fcst.... scripts/record_mode_coordinator.py
.d..t.... config/
.f..t.... config/hope_pingpong_body_drive_zy118.yaml
.d..t.... scripts/
<fcst.... scripts/record_mode_coordinator.py
.d..t.... ./
<fcst.... run_live_record_xl5_118.sh
.d..t.... config/
.f..t.... config/hope_pingpong_body_drive_xl5_118.yaml
.d..t.... scripts/
<fcst.... scripts/record_mode_coordinator.py
.d..t.... ./
<fcst.... run_live_record_xl7_118.sh
<f+++++++ run_live_record_xl7_118.sh.before_direct_exit_20260816_043702
.d..t.... config/
.f..t.... config/hope_pingpong_body_drive_xl7_118.yaml
.d..t.... scripts/
<fcst.... scripts/record_mode_coordinator.py
.d..t.... ./
<fcst.... run_live_record_xl6_118.sh
<f+++++++ run_live_record_xl6_118.sh.before_direct_exit_20260816_043702
.d..t.... config/
.f..t.... config/hope_pingpong_body_drive_xl6_118.yaml
.d..t.... scripts/
<fcst.... scripts/record_mode_coordinator.py
.d..t.... ./
.d..t.... ./
<fcst.... A3control_moveAndfaqiu.py
.f..t.... README.md
.f..t.... faqiuS_2_xl6.sh
.f..t.... test_staggered_serve.py
.d..t.... trajectories/
.d..t.... trajectories/2_to_t/
.f..t.... trajectories/2_to_t/SHA256SUMS
.f..t.... trajectories/2_to_t/key_0_4.5x.csv
.f..t.... trajectories/2_to_t/key_1_1x.csv
.f..t.... trajectories/2_to_t/key_2_1.2x.csv
.f..t.... trajectories/2_to_t/key_3_1.5x.csv
.f..t.... trajectories/2_to_t/key_4_1.8x.csv
.f..t.... trajectories/2_to_t/key_5_2x.csv
.f..t.... trajectories/2_to_t/key_6_2.5x.csv
.f..t.... trajectories/2_to_t/key_7_3x.csv
.f..t.... trajectories/2_to_t/key_8_3.5x.csv
.f..t.... trajectories/2_to_t/key_9_4x.csv
.f..t.... trajectories/2_to_t/manifest.json
.d..t.... ./
<fcst.... A3control_moveAndfaqiu.py
<f+++++++ A3control_moveAndfaqiu.py.before_mc_stitch_20260814_193127
.f..t.... README.md
<fcst.... faqiuS_2_xl6.sh
<f+++++++ faqiuS_2_xl6.sh.before_mc_stitch_20260814_193127
.f..t.... hope_pingpong_body_drive_xl6_handoff.yaml
.f..t.... run_live_record_xl6_handoff.sh
.f..t.... run_live_xl6_handoff.sh
.f..t.... test_staggered_serve.py
.d..t.... trajectories/
.d..t.... trajectories/2_to_t/
.f..t.... trajectories/2_to_t/SHA256SUMS
.f..t.... trajectories/2_to_t/key_0_4.5x.csv
.f..t.... trajectories/2_to_t/key_1_1x.csv
.f..t.... trajectories/2_to_t/key_2_1.2x.csv
.f..t.... trajectories/2_to_t/key_3_1.5x.csv
.f..t.... trajectories/2_to_t/key_4_1.8x.csv
.f..t.... trajectories/2_to_t/key_5_2x.csv
.f..t.... trajectories/2_to_t/key_6_2.5x.csv
.f..t.... trajectories/2_to_t/key_7_3x.csv
.f..t.... trajectories/2_to_t/key_8_3.5x.csv
.f..t.... trajectories/2_to_t/key_9_4x.csv
.f..t.... trajectories/2_to_t/manifest.json
created directory /agibot/hitter_a3_model46000_110_v15
cd+++++++ ./
<f+++++++ DEPLOYMENT_AUDIT_20260814.md
<f+++++++ DEPLOYMENT_HITTER_A3_110_ZH.md
<f+++++++ DO_NOT_ENTER_POLICY_YET.md
<f+++++++ run_joint_monitor.sh
<f+++++++ run_live_record.sh
<f+++++++ run_live_record.sh.before_formal_npz_20260814_221509
<f+++++++ run_live_xuanhong_ultimate.sh
<f+++++++ run_live_xuanhong_ultimate.sh.before_formal_npz_20260814_221509
cd+++++++ bin/
<f+++++++ bin/hope_pingpong_body_drive
<f+++++++ bin/hope_pingpong_body_drive.bak_20260804_policy_age_reset
<f+++++++ bin/hope_pingpong_body_drive.before_actuation_lead_20260726_154638
<f+++++++ bin/hope_pingpong_body_drive.before_actuation_lead_20260726_154752
<f+++++++ bin/hope_pingpong_body_drive.before_actuation_lead_20260726_161454
<f+++++++ bin/hope_pingpong_body_drive.before_dynamic_entries_20260730_202410
<f+++++++ bin/hope_pingpong_body_drive.before_exact_724_direct
<f+++++++ bin/hope_pingpong_body_drive.before_gain_fix_20260726_094802
<f+++++++ bin/hope_pingpong_body_drive.before_hp14v2_20260729_130354
<f+++++++ bin/hope_pingpong_body_drive.before_hp14v2_20260729_131134
<f+++++++ bin/hope_pingpong_body_drive.before_hp14v2_20260729_151443
<f+++++++ bin/hope_pingpong_body_drive.before_planner_stale_hold_20260727_205110
<f+++++++ bin/hope_pingpong_body_drive.before_prep_stand
<f+++++++ bin/hope_pingpong_body_drive.before_record
<f+++++++ bin/hope_pingpong_body_drive.before_stand_gain_fix
<f+++++++ bin/hope_pingpong_body_drive.before_station_semantics_20260814_215538
<f+++++++ bin/hope_pingpong_body_drive.before_vrate_20260730_194023
<f+++++++ bin/hope_pingpong_body_drive.command_ack_ready
<f+++++++ bin/hope_pingpong_body_drive.with_record
<f+++++++ bin/hope_pingpong_body_drive_frame753
<f+++++++ bin/hope_pingpong_body_drive_imu_gravity_frame753
<f+++++++ bin/libaimrt_iceoryx_plugin.so
<f+++++++ bin/libaimrt_ros2_plugin.so
<f+++++++ bin/libjoint_msgs__rosidl_generator_c.so
<f+++++++ bin/libjoint_msgs__rosidl_typesupport_c.so
<f+++++++ bin/libjoint_msgs__rosidl_typesupport_cpp.so
<f+++++++ bin/libjoint_msgs__rosidl_typesupport_fastrtps_c.so
<f+++++++ bin/libjoint_msgs__rosidl_typesupport_fastrtps_cpp.so
<f+++++++ bin/libjoint_msgs__rosidl_typesupport_introspection_c.so
<f+++++++ bin/libjoint_msgs__rosidl_typesupport_introspection_cpp.so
<f+++++++ bin/libonnxruntime.so
<f+++++++ bin/libonnxruntime.so.1
<f+++++++ bin/libonnxruntime.so.1.19.2
<f+++++++ bin/libros2_plugin_proto__rosidl_generator_c.so
<f+++++++ bin/libros2_plugin_proto__rosidl_typesupport_c.so
<f+++++++ bin/libros2_plugin_proto__rosidl_typesupport_cpp.so
<f+++++++ bin/libros2_plugin_proto__rosidl_typesupport_fastrtps_c.so
<f+++++++ bin/libros2_plugin_proto__rosidl_typesupport_fastrtps_cpp.so
<f+++++++ bin/libros2_plugin_proto__rosidl_typesupport_introspection_c.so
<f+++++++ bin/libros2_plugin_proto__rosidl_typesupport_introspection_cpp.so
cd+++++++ config/
<f+++++++ config/HITTER_MOTION_OFFSETS.json
<f+++++++ config/HITTER_MOTION_SHA256SUMS
<f+++++++ config/a3_aimrt_config.iceoryx.yaml
<f+++++++ config/action_adapter_xuanhong_ultimate.yaml
<f+++++++ config/hope_pingpong_body_drive_xuanhong_ultimate_110.yaml
cd+++++++ models/
cd+++++++ models/xuanhong_ultimate_model46000/
<f+++++++ models/xuanhong_ultimate_model46000/hope_pingpong.onnx
<f+++++++ models/xuanhong_ultimate_model46000/hope_pingpong.onnx.data
<f+++++++ models/xuanhong_ultimate_model46000/policy_manifest.json
cd+++++++ motions/
<f+++++++ motions/hitter_backhand_50hz.npz
<f+++++++ motions/hitter_forehand_50hz.npz
cd+++++++ scripts/
<f+++++++ scripts/record_mode_coordinator.py
<f+++++++ scripts/snapshot_recording_metadata.py
<f+++++++ scripts/verify_contract_110.py
